------------------------------------------------------------
Timing Analyzer Summary
------------------------------------------------------------

Type  : Slow 1100mV 100C Model Setup 'clk50'
Slack : 11.348
TNS   : 0.000

Type  : Slow 1100mV 100C Model Setup 'pll_25|pll_25_inst|altera_pll_i|general[0].gpll~PLL_OUTPUT_COUNTER|divclk'
Slack : 36.689
TNS   : 0.000

Type  : Slow 1100mV 100C Model Setup 'i2c_20k_clock'
Slack : 49994.330
TNS   : 0.000

Type  : Slow 1100mV 100C Model Hold 'clk50'
Slack : 0.263
TNS   : 0.000

Type  : Slow 1100mV 100C Model Hold 'pll_25|pll_25_inst|altera_pll_i|general[0].gpll~PLL_OUTPUT_COUNTER|divclk'
Slack : 0.352
TNS   : 0.000

Type  : Slow 1100mV 100C Model Hold 'i2c_20k_clock'
Slack : 0.618
TNS   : 0.000

Type  : Slow 1100mV 100C Model Minimum Pulse Width 'pll_25|pll_25_inst|altera_pll_i|general[0].gpll~FRACTIONAL_PLL|vcoph[0]'
Slack : 1.666
TNS   : 0.000

Type  : Slow 1100mV 100C Model Minimum Pulse Width 'clk50'
Slack : 8.859
TNS   : 0.000

Type  : Slow 1100mV 100C Model Minimum Pulse Width 'pll_25|pll_25_inst|altera_pll_i|general[0].gpll~PLL_OUTPUT_COUNTER|divclk'
Slack : 19.267
TNS   : 0.000

Type  : Slow 1100mV 100C Model Minimum Pulse Width 'i2c_20k_clock'
Slack : 24999.239
TNS   : 0.000

Type  : Slow 1100mV -40C Model Setup 'clk50'
Slack : 11.163
TNS   : 0.000

Type  : Slow 1100mV -40C Model Setup 'pll_25|pll_25_inst|altera_pll_i|general[0].gpll~PLL_OUTPUT_COUNTER|divclk'
Slack : 36.652
TNS   : 0.000

Type  : Slow 1100mV -40C Model Setup 'i2c_20k_clock'
Slack : 49994.319
TNS   : 0.000

Type  : Slow 1100mV -40C Model Hold 'clk50'
Slack : 0.249
TNS   : 0.000

Type  : Slow 1100mV -40C Model Hold 'pll_25|pll_25_inst|altera_pll_i|general[0].gpll~PLL_OUTPUT_COUNTER|divclk'
Slack : 0.336
TNS   : 0.000

Type  : Slow 1100mV -40C Model Hold 'i2c_20k_clock'
Slack : 0.627
TNS   : 0.000

Type  : Slow 1100mV -40C Model Minimum Pulse Width 'pll_25|pll_25_inst|altera_pll_i|general[0].gpll~FRACTIONAL_PLL|vcoph[0]'
Slack : 1.666
TNS   : 0.000

Type  : Slow 1100mV -40C Model Minimum Pulse Width 'clk50'
Slack : 8.916
TNS   : 0.000

Type  : Slow 1100mV -40C Model Minimum Pulse Width 'pll_25|pll_25_inst|altera_pll_i|general[0].gpll~PLL_OUTPUT_COUNTER|divclk'
Slack : 19.193
TNS   : 0.000

Type  : Slow 1100mV -40C Model Minimum Pulse Width 'i2c_20k_clock'
Slack : 24999.256
TNS   : 0.000

Type  : Fast 1100mV 100C Model Setup 'clk50'
Slack : 14.737
TNS   : 0.000

Type  : Fast 1100mV 100C Model Setup 'pll_25|pll_25_inst|altera_pll_i|general[0].gpll~PLL_OUTPUT_COUNTER|divclk'
Slack : 38.532
TNS   : 0.000

Type  : Fast 1100mV 100C Model Setup 'i2c_20k_clock'
Slack : 49996.739
TNS   : 0.000

Type  : Fast 1100mV 100C Model Hold 'clk50'
Slack : 0.138
TNS   : 0.000

Type  : Fast 1100mV 100C Model Hold 'pll_25|pll_25_inst|altera_pll_i|general[0].gpll~PLL_OUTPUT_COUNTER|divclk'
Slack : 0.193
TNS   : 0.000

Type  : Fast 1100mV 100C Model Hold 'i2c_20k_clock'
Slack : 0.232
TNS   : 0.000

Type  : Fast 1100mV 100C Model Minimum Pulse Width 'pll_25|pll_25_inst|altera_pll_i|general[0].gpll~FRACTIONAL_PLL|vcoph[0]'
Slack : 1.666
TNS   : 0.000

Type  : Fast 1100mV 100C Model Minimum Pulse Width 'clk50'
Slack : 8.970
TNS   : 0.000

Type  : Fast 1100mV 100C Model Minimum Pulse Width 'pll_25|pll_25_inst|altera_pll_i|general[0].gpll~PLL_OUTPUT_COUNTER|divclk'
Slack : 19.557
TNS   : 0.000

Type  : Fast 1100mV 100C Model Minimum Pulse Width 'i2c_20k_clock'
Slack : 24999.550
TNS   : 0.000

Type  : Fast 1100mV -40C Model Setup 'clk50'
Slack : 15.479
TNS   : 0.000

Type  : Fast 1100mV -40C Model Setup 'pll_25|pll_25_inst|altera_pll_i|general[0].gpll~PLL_OUTPUT_COUNTER|divclk'
Slack : 38.682
TNS   : 0.000

Type  : Fast 1100mV -40C Model Setup 'i2c_20k_clock'
Slack : 49997.204
TNS   : 0.000

Type  : Fast 1100mV -40C Model Hold 'clk50'
Slack : 0.123
TNS   : 0.000

Type  : Fast 1100mV -40C Model Hold 'pll_25|pll_25_inst|altera_pll_i|general[0].gpll~PLL_OUTPUT_COUNTER|divclk'
Slack : 0.168
TNS   : 0.000

Type  : Fast 1100mV -40C Model Hold 'i2c_20k_clock'
Slack : 0.187
TNS   : 0.000

Type  : Fast 1100mV -40C Model Minimum Pulse Width 'pll_25|pll_25_inst|altera_pll_i|general[0].gpll~FRACTIONAL_PLL|vcoph[0]'
Slack : 1.666
TNS   : 0.000

Type  : Fast 1100mV -40C Model Minimum Pulse Width 'clk50'
Slack : 9.045
TNS   : 0.000

Type  : Fast 1100mV -40C Model Minimum Pulse Width 'pll_25|pll_25_inst|altera_pll_i|general[0].gpll~PLL_OUTPUT_COUNTER|divclk'
Slack : 19.547
TNS   : 0.000

Type  : Fast 1100mV -40C Model Minimum Pulse Width 'i2c_20k_clock'
Slack : 24999.589
TNS   : 0.000

------------------------------------------------------------
